
=== Audrey Hepburn_v1_KREA2_OT: 228.6 MB on disk, 256 modules, analysis 1s
rank in: [32]
retention   cap |  rank out  achieved  min kept  size MB  capped | attn ach  mlp ach  txt ach proj ach
    0.990     8 |   1-8       96.96%    80.31%     51.0     187 |   98.17%   96.52%   98.35%        -
    0.990    16 |   1-16      98.83%    93.59%     83.4      79 |   99.07%   98.75%   98.98%        -
    0.990    32 |   1-27      99.15%    99.00%     95.1       0 |   99.11%   99.16%   99.12%        -
    0.990  none |   1-27      99.15%    99.00%     95.1       0 |   99.11%   99.16%   99.12%        -
    0.995     8 |   1-8       97.10%    80.31%     54.4     214 |   98.34%   96.66%   98.53%        -
    0.995    16 |   1-16      99.13%    93.59%     95.7     147 |   99.42%   99.03%   99.29%        -
    0.995    32 |   1-29      99.57%    99.50%    122.3       0 |   99.56%   99.57%   99.56%        -
    0.995  none |   1-29      99.57%    99.50%    122.3       0 |   99.56%   99.57%   99.56%        -
    0.998     8 |   2-8       97.13%    80.31%     56.0     243 |   98.37%   96.69%   98.57%        -
    0.998    16 |   2-16      99.26%    93.59%    106.0     199 |   99.54%   99.16%   99.41%        -
    0.998    32 |   2-31      99.82%    99.80%    155.3       0 |   99.82%   99.82%   99.82%        -
    0.998  none |   2-31      99.82%    99.80%    155.3       0 |   99.82%   99.82%   99.82%        -
    0.999     8 |   3-8       97.14%    80.31%     56.5     251 |   98.37%   96.70%   98.58%        -
    0.999    16 |   3-16      99.29%    93.59%    110.4     229 |   99.57%   99.19%   99.44%        -
    0.999    32 |   3-32      99.91%    99.90%    176.9       0 |   99.91%   99.91%   99.91%        -
    0.999  none |   3-32      99.91%    99.90%    176.9       0 |   99.91%   99.91%   99.91%        -

per block at retention 0.998, cap 16: energy share / rank out sum / achieved
  b0:0.9%/116/99.3  b1:1.1%/128/99.2  b2:1.2%/128/99.0  b3:1.2%/128/99.0  b4:1.5%/128/99.2  b5:1.3%/128/99.1  b6:2.9%/121/99.7  b7:2.8%/121/99.7  b8:5.1%/99/99.8  b9:5.6%/79/99.8  b10:4.7%/97/99.8  b11:4.0%/109/99.7  b12:4.3%/112/99.6  b13:4.0%/123/99.6  b14:3.4%/125/99.3  b15:3.4%/126/99.3  b16:2.5%/128/99.0  b17:3.2%/127/99.3  b18:4.2%/121/99.4  b19:4.1%/123/99.2  b20:4.1%/123/99.0  b21:4.8%/121/99.4  b22:4.2%/121/99.0  b23:3.8%/123/98.9  b24:4.3%/121/98.9  b25:4.6%/124/98.7  b26:6.3%/128/98.4  b27:4.6%/128/98.7
  non block: 1.9% / 482 / 99.4

per block at retention 0.995, cap 16: energy share / rank out sum / achieved
  b0:0.9%/98/99.1  b1:1.1%/128/99.2  b2:1.2%/115/98.9  b3:1.2%/123/99.0  b4:1.5%/124/99.2  b5:1.3%/122/99.1  b6:2.9%/102/99.5  b7:2.8%/89/99.5  b8:5.1%/75/99.7  b9:5.6%/54/99.6  b10:4.7%/74/99.6  b11:4.0%/98/99.6  b12:4.3%/100/99.4  b13:4.0%/109/99.3  b14:3.4%/115/99.1  b15:3.4%/118/99.2  b16:2.5%/122/98.9  b17:3.2%/115/99.1  b18:4.2%/109/99.2  b19:4.1%/114/99.1  b20:4.1%/114/98.9  b21:4.8%/113/99.2  b22:4.2%/116/98.9  b23:3.8%/118/98.9  b24:4.3%/118/98.8  b25:4.6%/116/98.6  b26:6.3%/122/98.3  b27:4.6%/125/98.6
  non block: 1.9% / 427 / 99.3
rank histogram at 0.995/16: [(1, 2), (2, 1), (3, 3), (4, 3), (5, 7), (6, 3), (7, 12), (8, 11), (9, 4), (10, 8), (11, 9), (12, 6), (13, 8), (14, 7), (15, 18), (16, 154)]
lowest-rank modules: [('blocks.10.mlp.gate', 1, '99.6%'), ('blocks.9.mlp.gate', 1, '99.7%'), ('blocks.8.mlp.gate', 2, '99.8%'), ('txtfusion.layerwise_blocks.1.attn.wv', 3, '99.6%'), ('txtfusion.layerwise_blocks.1.mlp.down', 3, '99.7%'), ('blocks.9.attn.wv', 3, '99.8%')]
wrote Audrey Hepburn_v1_KREA2_OT_r995_c16.safetensors: rank 1-16, kept >= 93.59%, 95.9 MB, 1s

=== Audrey Hepburn_v3_KREA2_OT: 228.6 MB on disk, 256 modules, analysis 1s
rank in: [32]
retention   cap |  rank out  achieved  min kept  size MB  capped | attn ach  mlp ach  txt ach proj ach
    0.990     8 |   1-8       96.98%    79.69%     52.1     188 |   98.09%   96.56%   98.88%        -
    0.990    16 |   1-16      98.84%    93.83%     85.2      74 |   99.04%   98.77%   99.16%        -
    0.990    32 |   1-27      99.12%    99.00%     95.7       0 |   99.10%   99.13%   99.20%        -
    0.990  none |   1-27      99.12%    99.00%     95.7       0 |   99.10%   99.13%   99.20%        -
    0.995     8 |   1-8       97.09%    79.69%     54.4     222 |   98.23%   96.67%   99.06%        -
    0.995    16 |   1-16      99.13%    93.83%     98.1     151 |   99.36%   99.05%   99.45%        -
    0.995    32 |   1-29      99.55%    99.50%    124.3       0 |   99.54%   99.56%   99.56%        -
    0.995  none |   1-29      99.55%    99.50%    124.3       0 |   99.54%   99.56%   99.56%        -
    0.998     8 |   2-8       97.14%    79.69%     56.2     240 |   98.25%   96.72%   99.19%        -
    0.998    16 |   2-16      99.26%    93.83%    107.1     202 |   99.49%   99.18%   99.62%        -
    0.998    32 |   2-31      99.82%    99.80%    158.9       0 |   99.82%   99.82%   99.81%        -
    0.998  none |   2-31      99.82%    99.80%    158.9       0 |   99.82%   99.82%   99.81%        -
    0.999     8 |   3-8       97.14%    79.69%     57.0     248 |   98.25%   96.73%   99.22%        -
    0.999    16 |   3-16      99.29%    93.83%    110.9     229 |   99.51%   99.20%   99.68%        -
    0.999    32 |   3-32      99.91%    99.90%    180.0       0 |   99.91%   99.91%   99.91%        -
    0.999  none |   3-32      99.91%    99.90%    180.0       0 |   99.91%   99.91%   99.91%        -

per block at retention 0.998, cap 16: energy share / rank out sum / achieved
  b0:1.0%/114/99.4  b1:1.4%/128/99.3  b2:1.5%/128/99.2  b3:1.5%/128/99.2  b4:1.3%/128/98.9  b5:1.5%/128/99.1  b6:1.8%/128/99.3  b7:2.0%/128/99.5  b8:3.7%/121/99.8  b9:5.5%/97/99.8  b10:5.0%/94/99.8  b11:4.1%/109/99.7  b12:4.2%/121/99.6  b13:4.2%/118/99.6  b14:3.2%/127/99.3  b15:2.8%/128/99.1  b16:2.2%/128/98.7  b17:3.5%/125/99.3  b18:4.3%/121/99.4  b19:4.2%/124/99.2  b20:4.2%/124/99.1  b21:4.9%/125/99.4  b22:4.3%/121/99.1  b23:3.7%/125/98.9  b24:4.5%/125/99.0  b25:4.9%/122/98.9  b26:6.7%/128/98.7  b27:5.1%/127/98.7
  non block: 2.6% / 396 / 99.6

per block at retention 0.995, cap 16: energy share / rank out sum / achieved
  b0:1.0%/96/99.2  b1:1.4%/128/99.3  b2:1.5%/119/99.1  b3:1.5%/123/99.2  b4:1.3%/125/98.9  b5:1.5%/128/99.1  b6:1.8%/126/99.3  b7:2.0%/122/99.4  b8:3.7%/99/99.6  b9:5.5%/68/99.6  b10:5.0%/69/99.5  b11:4.1%/98/99.5  b12:4.2%/107/99.4  b13:4.2%/110/99.4  b14:3.2%/117/99.1  b15:2.8%/117/98.9  b16:2.2%/128/98.7  b17:3.5%/115/99.1  b18:4.3%/113/99.3  b19:4.2%/116/99.1  b20:4.2%/113/98.9  b21:4.9%/114/99.2  b22:4.3%/113/99.0  b23:3.7%/120/98.8  b24:4.5%/117/98.9  b25:4.9%/116/98.9  b26:6.7%/123/98.6  b27:5.1%/120/98.6
  non block: 2.6% / 320 / 99.5
rank histogram at 0.995/16: [(1, 1), (2, 2), (3, 12), (4, 2), (5, 2), (6, 9), (7, 1), (8, 5), (9, 10), (10, 8), (11, 11), (12, 3), (13, 9), (14, 7), (15, 6), (16, 168)]
lowest-rank modules: [('txtfusion.refiner_blocks.0.attn.wv', 1, '99.5%'), ('blocks.10.attn.wv', 2, '99.5%'), ('txtfusion.layerwise_blocks.0.attn.wv', 2, '99.6%'), ('txtfusion.layerwise_blocks.0.mlp.down', 3, '99.5%'), ('txtfusion.layerwise_blocks.1.attn.gate', 3, '99.5%'), ('blocks.10.mlp.gate', 3, '99.6%')]
wrote Audrey Hepburn_v3_KREA2_OT_r995_c16.safetensors: rank 1-16, kept >= 93.83%, 98.3 MB, 1s

=== My Stars - Joanna: 228.6 MB on disk, 256 modules, analysis 1s
rank in: [32]
retention   cap |  rank out  achieved  min kept  size MB  capped | attn ach  mlp ach  txt ach proj ach
    0.990     8 |   1-8       98.34%    57.26%     51.2     190 |   96.18%   98.62%   98.88%        -
    0.990    16 |   1-16      98.89%    78.10%     88.8     143 |   98.07%   99.00%   99.17%        -
    0.990    32 |   1-31      99.15%    99.00%    126.4       0 |   99.09%   99.16%   99.17%        -
    0.990  none |   1-31      99.15%    99.00%    126.4       0 |   99.09%   99.16%   99.17%        -
    0.995     8 |   2-8       98.57%    57.26%     54.7     219 |   96.29%   98.87%   99.05%        -
    0.995    16 |   2-16      99.22%    78.10%     99.8     179 |   98.29%   99.33%   99.53%        -
    0.995    32 |   2-32      99.55%    99.50%    152.0       0 |   99.56%   99.55%   99.57%        -
    0.995  none |   2-32      99.55%    99.50%    152.0       0 |   99.56%   99.55%   99.57%        -
    0.998     8 |   4-8       98.66%    57.26%     56.7     247 |   96.32%   98.96%   99.13%        -
    0.998    16 |   4-16      99.39%    78.10%    108.6     214 |   98.37%   99.52%   99.70%        -
    0.998    32 |   4-32      99.82%    99.80%    180.7       0 |   99.83%   99.82%   99.82%        -
    0.998  none |   4-32      99.82%    99.80%    180.7       0 |   99.83%   99.82%   99.82%        -
    0.999     8 |   6-8       98.66%    57.26%     57.1     253 |   96.32%   98.96%   99.14%        -
    0.999    16 |   6-16      99.43%    78.10%    112.5     232 |   98.39%   99.56%   99.74%        -
    0.999    32 |   6-32      99.91%    99.90%    197.4       0 |   99.93%   99.91%   99.91%        -
    0.999  none |   6-32      99.91%    99.90%    197.4       0 |   99.93%   99.91%   99.91%        -

per block at retention 0.998, cap 16: energy share / rank out sum / achieved
  b0:0.7%/128/98.2  b1:0.4%/128/94.1  b2:0.7%/128/96.9  b3:0.7%/128/97.7  b4:1.4%/126/99.1  b5:1.2%/128/99.0  b6:1.8%/128/99.4  b7:2.3%/123/99.5  b8:4.0%/119/99.6  b9:6.8%/98/99.8  b10:5.5%/98/99.7  b11:5.4%/121/99.6  b12:7.5%/120/99.7  b13:9.5%/114/99.7  b14:5.9%/125/99.6  b15:3.0%/128/99.2  b16:1.5%/128/98.5  b17:3.2%/128/99.3  b18:6.6%/123/99.6  b19:6.0%/128/99.6  b20:5.6%/125/99.5  b21:5.9%/126/99.5  b22:2.7%/128/99.1  b23:1.3%/128/98.1  b24:2.1%/128/98.7  b25:1.3%/128/97.6  b26:4.7%/128/99.4  b27:2.0%/128/98.7
  non block: 0.4% / 411 / 99.7

per block at retention 0.995, cap 16: energy share / rank out sum / achieved
  b0:0.7%/123/98.2  b1:0.4%/128/94.1  b2:0.7%/128/96.9  b3:0.7%/121/97.6  b4:1.4%/117/99.1  b5:1.2%/123/99.0  b6:1.8%/115/99.3  b7:2.3%/107/99.3  b8:4.0%/101/99.4  b9:6.8%/79/99.5  b10:5.5%/82/99.5  b11:5.4%/106/99.4  b12:7.5%/108/99.4  b13:9.5%/103/99.5  b14:5.9%/113/99.3  b15:3.0%/123/99.0  b16:1.5%/128/98.5  b17:3.2%/121/99.2  b18:6.6%/117/99.4  b19:6.0%/120/99.4  b20:5.6%/118/99.3  b21:5.9%/119/99.3  b22:2.7%/126/99.1  b23:1.3%/128/98.1  b24:2.1%/128/98.7  b25:1.3%/128/97.6  b26:4.7%/121/99.2  b27:2.0%/124/98.6
  non block: 0.4% / 329 / 99.5
rank histogram at 0.995/16: [(2, 1), (3, 2), (4, 4), (5, 10), (6, 8), (7, 5), (8, 7), (9, 4), (10, 4), (11, 6), (12, 5), (13, 7), (14, 2), (15, 6), (16, 185)]
lowest-rank modules: [('blocks.10.mlp.gate', 2, '99.6%'), ('blocks.9.mlp.gate', 3, '99.5%'), ('txtfusion.layerwise_blocks.1.mlp.down', 3, '99.6%'), ('blocks.9.mlp.up', 4, '99.5%'), ('blocks.9.attn.wv', 4, '99.5%'), ('blocks.10.attn.wv', 4, '99.6%')]
wrote My Stars - Joanna_r995_c16.safetensors: rank 2-16, kept >= 78.10%, 99.9 MB, 1s

=== SUTEEV_KREA2_epoch_10: 228.6 MB on disk, 256 modules, analysis 1s
rank in: [32]
retention   cap |  rank out  achieved  min kept  size MB  capped | attn ach  mlp ach  txt ach proj ach
    0.990     8 |   1-8       96.37%    52.19%     54.5     229 |   96.61%   96.28%   95.82%        -
    0.990    16 |   1-16      98.01%    74.44%    104.2     201 |   98.10%   98.01%   97.56%        -
    0.990    32 |   1-32      99.10%    99.00%    168.7       0 |   99.09%   99.09%   99.20%        -
    0.990  none |   1-32      99.10%    99.00%    168.7       0 |   99.09%   99.09%   99.20%        -
    0.995     8 |   2-8       96.50%    52.19%     56.4     244 |   96.72%   96.42%   96.03%        -
    0.995    16 |   2-16      98.24%    74.44%    109.9     226 |   98.34%   98.22%   97.81%        -
    0.995    32 |   2-32      99.55%    99.50%    190.3       0 |   99.55%   99.55%   99.57%        -
    0.995  none |   2-32      99.55%    99.50%    190.3       0 |   99.55%   99.55%   99.57%        -
    0.998     8 |   8-8       96.53%    52.19%     57.1     256 |   96.74%   96.44%   96.18%        -
    0.998    16 |  10-16      98.33%    74.44%    113.7     246 |   98.42%   98.32%   98.01%        -
    0.998    32 |  10-32      99.83%    99.80%    210.0       0 |   99.83%   99.84%   99.84%        -
    0.998  none |  10-32      99.83%    99.80%    210.0       0 |   99.83%   99.84%   99.84%        -
    0.999     8 |   8-8       96.53%    52.19%     57.1     256 |   96.74%   96.44%   96.18%        -
    0.999    16 |  15-16      98.34%    74.44%    114.3     254 |   98.43%   98.32%   98.06%        -
    0.999    32 |  15-32      99.93%    99.90%    218.8       0 |   99.92%   99.93%   99.92%        -
    0.999  none |  15-32      99.93%    99.90%    218.8       0 |   99.92%   99.93%   99.92%        -

per block at retention 0.998, cap 16: energy share / rank out sum / achieved
  b0:5.1%/122/98.6  b1:0.8%/128/91.9  b2:0.7%/128/90.6  b3:0.9%/128/92.6  b4:1.3%/128/95.4  b5:1.4%/128/95.8  b6:1.8%/128/96.7  b7:4.2%/128/98.8  b8:5.1%/128/99.1  b9:9.5%/127/99.5  b10:13.2%/121/99.7  b11:8.9%/128/99.5  b12:2.3%/128/97.7  b13:3.6%/128/98.6  b14:2.0%/128/97.4  b15:1.6%/128/96.8  b16:2.5%/128/98.1  b17:4.9%/128/99.0  b18:4.1%/128/98.8  b19:3.5%/128/98.5  b20:4.8%/128/98.9  b21:3.4%/128/98.4  b22:1.9%/128/97.2  b23:0.8%/128/93.2  b24:1.2%/128/94.9  b25:1.1%/128/94.7  b26:0.8%/128/93.2  b27:1.1%/128/96.3
  non block: 7.3% / 493 / 98.0

per block at retention 0.995, cap 16: energy share / rank out sum / achieved
  b0:5.1%/112/98.5  b1:0.8%/128/91.9  b2:0.7%/128/90.6  b3:0.9%/128/92.6  b4:1.3%/128/95.4  b5:1.4%/128/95.8  b6:1.8%/128/96.7  b7:4.2%/119/98.7  b8:5.1%/121/99.0  b9:9.5%/107/99.4  b10:13.2%/76/99.4  b11:8.9%/118/99.3  b12:2.3%/128/97.7  b13:3.6%/126/98.6  b14:2.0%/128/97.4  b15:1.6%/128/96.8  b16:2.5%/128/98.1  b17:4.9%/123/99.0  b18:4.1%/128/98.8  b19:3.5%/128/98.5  b20:4.8%/124/98.8  b21:3.4%/126/98.4  b22:1.9%/128/97.2  b23:0.8%/128/93.2  b24:1.2%/128/94.9  b25:1.1%/128/94.7  b26:0.8%/128/93.2  b27:1.1%/128/96.3
  non block: 7.3% / 462 / 97.8
rank histogram at 0.995/16: [(2, 1), (4, 2), (5, 3), (6, 4), (7, 2), (10, 2), (11, 3), (12, 2), (14, 5), (15, 4), (16, 228)]
lowest-rank modules: [('txtfusion.refiner_blocks.1.attn.wo', 2, '99.5%'), ('txtfusion.refiner_blocks.1.attn.wv', 4, '99.5%'), ('txtfusion.layerwise_blocks.0.attn.wo', 4, '99.6%'), ('blocks.10.attn.wo', 5, '99.5%'), ('blocks.10.mlp.up', 5, '99.5%'), ('blocks.10.mlp.down', 5, '99.5%')]
wrote SUTEEV_KREA2_epoch_10_r995_c16.safetensors: rank 2-16, kept >= 74.44%, 110.0 MB, 1s
